2025-09-09 19:34:03.302  1453-1998  BufferQueueDebug        surfaceflinger                       E  [ActivityRecord{3c7a0a0 u0 com.shaadow.onecalculator/.BasicActivity#346436](this:0xb400007730ca4f18,id:-1,api:0,p:-1,c:-1) id info cannot be read from 'ActivityRecord{3c7a0a0 u0 com.shaadow.onecalculator/.BasicActivity#346436'
2025-09-09 19:34:03.336  1453-1540  BufferQueueDebug        surfaceflinger                       E  [60b82a Splash Screen com.shaadow.onecalculator#346437](this:0xb40000772d4d2718,id:-1,api:0,p:-1,c:-1) id info cannot be read from '60b82a Splash Screen com.shaadow.onecalculator#346437'
2025-09-09 19:34:03.362  1453-1993  BufferQueueDebug        surfaceflinger                       E  [Splash Screen com.shaadow.onecalculator#346438](this:0xb40000772d8d4718,id:-1,api:0,p:-1,c:-1) id info cannot be read from 'Splash Screen com.shaadow.onecalculator#346438'
2025-09-09 19:34:03.414  1453-1541  BufferQueueDebug        surfaceflinger                       E  [ab05459 ActivityRecordInputSink com.shaadow.onecalculator/.BasicActivity#346444](this:0xb40000772d4a1f18,id:-1,api:0,p:-1,c:-1) id info cannot be read from 'ab05459 ActivityRecordInputSink com.shaadow.onecalculator/.BasicActivity#346444'
2025-09-09 19:34:03.639  6463-6463  nativeloader            com.shaadow.onecalculator            D  Load libstats_jni.so using APEX ns com_android_os_statsd for caller /apex/com.android.os.statsd/javalib/framework-statsd.jar: ok
2025-09-09 19:34:03.641  6463-6463  Compatibil...geReporter com.shaadow.onecalculator            D  Compat change id reported: 171979766; UID 10660; state: ENABLED
2025-09-09 19:34:03.642  6463-6463  Compatibil...geReporter com.shaadow.onecalculator            D  Compat change id reported: 242716250; UID 10660; state: ENABLED
2025-09-09 19:34:03.987  6463-6463  nativeloader            com.shaadow.onecalculator            D  Configuring clns-4 for other apk /data/app/~~X4XjcZAH5ISkN8Cob1Mv_Q==/com.shaadow.onecalculator-8S8vZl71MgyezRdoZIK-cQ==/base.apk. target_sdk_version=36, uses_libraries=, library_path=/data/app/~~X4XjcZAH5ISkN8Cob1Mv_Q==/com.shaadow.onecalculator-8S8vZl71MgyezRdoZIK-cQ==/lib/arm64:/data/app/~~X4XjcZAH5ISkN8Cob1Mv_Q==/com.shaadow.onecalculator-8S8vZl71MgyezRdoZIK-cQ==/base.apk!/lib/arm64-v8a, permitted_path=/data:/mnt/expand:/data/user/0/com.shaadow.onecalculator
2025-09-09 19:34:04.000  6463-6463  nativeloader            com.shaadow.onecalculator            D  Load libframework-connectivity-jni.so using APEX ns com_android_tethering for caller /apex/com.android.tethering/javalib/framework-connectivity.jar: ok
2025-09-09 19:34:04.011  6463-6463  GraphicsEnvironment     com.shaadow.onecalculator            V  Currently set values for:
2025-09-09 19:34:04.011  6463-6463  GraphicsEnvironment     com.shaadow.onecalculator            V    angle_gl_driver_selection_pkgs=[]
2025-09-09 19:34:04.011  6463-6463  GraphicsEnvironment     com.shaadow.onecalculator            V    angle_gl_driver_selection_values=[]
2025-09-09 19:34:04.012  6463-6463  GraphicsEnvironment     com.shaadow.onecalculator            V  ANGLE GameManagerService for com.shaadow.onecalculator: false
2025-09-09 19:34:04.012  6463-6463  GraphicsEnvironment     com.shaadow.onecalculator            V  com.shaadow.onecalculator is not listed in per-application setting
2025-09-09 19:34:04.013  6463-6463  GraphicsEnvironment     com.shaadow.onecalculator            V  Neither updatable production driver nor prerelease driver is supported.
2025-09-09 19:34:04.048  6463-6463  Compatibil...geReporter com.shaadow.onecalculator            D  Compat change id reported: 183155436; UID 10660; state: ENABLED
2025-09-09 19:34:04.073  6463-6463  FirebaseSessions        com.shaadow.onecalculator            D  Dependency to CRASHLYTICS added.
2025-09-09 19:34:04.079  6463-6463  FirebaseApp             com.shaadow.onecalculator            I  Device unlocked: initializing all Firebase APIs for app [DEFAULT]
2025-09-09 19:34:04.108  6463-6463  Compatibil...geReporter com.shaadow.onecalculator            D  Compat change id reported: 3400644; UID 10660; state: ENABLED
2025-09-09 19:34:04.113  6463-6463  FirebaseCrashlytics     com.shaadow.onecalculator            I  Initializing Firebase Crashlytics 20.0.1 for com.shaadow.onecalculator
2025-09-09 19:34:04.148  6463-6463  FirebaseSessions        com.shaadow.onecalculator            D  Subscriber CRASHLYTICS registered.
2025-09-09 19:34:04.171  6463-6484  w.onecalculator         com.shaadow.onecalculator            W  ClassLoaderContext classpath size mismatch. expected=1, found=0 (DLC[];PCL[base.apk*549733019]{PCL[/system/framework/org.apache.http.legacy.jar*365604909]#PCL[/system/framework/com.android.media.remotedisplay.jar*2114713712]#PCL[/system/framework/com.android.location.provider.jar*3994156537]#PCL[/system/framework/org.apache.http.legacy.jar*365604909]} | DLC[];PCL[])
2025-09-09 19:34:04.178  6463-6484  DynamiteModule          com.shaadow.onecalculator            I  Considering local module com.google.android.gms.measurement.dynamite:155 and remote module com.google.android.gms.measurement.dynamite:158
2025-09-09 19:34:04.178  6463-6484  DynamiteModule          com.shaadow.onecalculator            I  Selected remote version of com.google.android.gms.measurement.dynamite, version >= 158
2025-09-09 19:34:04.179  6463-6484  DynamiteModule          com.shaadow.onecalculator            V  Dynamite loader version >= 2, using loadModule2NoCrashUtils
2025-09-09 19:34:04.211  6463-6484  System                  com.shaadow.onecalculator            W  ClassLoader referenced unknown path: 
2025-09-09 19:34:04.212  6463-6484  nativeloader            com.shaadow.onecalculator            D  Configuring clns-5 for other apk . target_sdk_version=36, uses_libraries=, library_path=/data/app/~~W5yKowHatPwTjfrm02XI1w==/com.google.android.gms-RXgMMRiwh2Fi05IjQvMQYA==/lib/arm64:/data/app/~~W5yKowHatPwTjfrm02XI1w==/com.google.android.gms-RXgMMRiwh2Fi05IjQvMQYA==/base.apk!/lib/arm64-v8a, permitted_path=/data:/mnt/expand:/data/user/0/com.google.android.gms
2025-09-09 19:34:04.234  6463-6484  w.onecalculator         com.shaadow.onecalculator            W  ClassLoaderContext classpath size mismatch. expected=1, found=2 (DLC[];PCL[base.apk*549733019]{PCL[/system/framework/org.apache.http.legacy.jar*365604909]#PCL[/system/framework/com.android.media.remotedisplay.jar*2114713712]#PCL[/system/framework/com.android.location.provider.jar*3994156537]#PCL[/system/framework/org.apache.http.legacy.jar*365604909]} | DLC[];PCL[/data/data/com.shaadow.onecalculator/code_cache/.overlay/base.apk/classes11.dex*2527194724:/data/app/~~X4XjcZAH5ISkN8Cob1Mv_Q==/com.shaadow.onecalculator-8S8vZl71MgyezRdoZIK-cQ==/base.apk*2807544734])
2025-09-09 19:34:04.243  6463-6494  Compatibil...geReporter com.shaadow.onecalculator            D  Compat change id reported: 194532703; UID 10660; state: ENABLED
2025-09-09 19:34:04.243  6463-6494  Compatibil...geReporter com.shaadow.onecalculator            D  Compat change id reported: 253665015; UID 10660; state: ENABLED
2025-09-09 19:34:04.290  6463-6503  FirebaseCrashlytics     com.shaadow.onecalculator            I  Saved version control info
2025-09-09 19:34:04.331  6463-6504  w.onecalculator         com.shaadow.onecalculator            I  hiddenapi: Accessing hidden method Ldalvik/system/VMStack;->getStackClass2()Ljava/lang/Class; (runtime_flags=0, domain=core-platform, api=unsupported) from Lm7/aop; (domain=app) using reflection: allowed
2025-09-09 19:34:04.360  6463-6501  w.onecalculator         com.shaadow.onecalculator            E  No package ID 6a found for resource ID 0x6a0b000f.
2025-09-09 19:34:04.362  6463-6501  FA                      com.shaadow.onecalculator            I  App measurement initialized, version: 136000
2025-09-09 19:34:04.362  6463-6501  FA                      com.shaadow.onecalculator            I  To enable debug logging run: adb shell setprop log.tag.FA VERBOSE
2025-09-09 19:34:04.363  6463-6501  FA                      com.shaadow.onecalculator            I  To enable faster debug mode event logging run:
                                                                                                      adb shell setprop debug.firebase.analytics.app com.shaadow.onecalculator
2025-09-09 19:34:04.373  6463-6463  nativeloader            com.shaadow.onecalculator            D  Load /data/app/~~X4XjcZAH5ISkN8Cob1Mv_Q==/com.shaadow.onecalculator-8S8vZl71MgyezRdoZIK-cQ==/base.apk!/lib/arm64-v8a/libdatastore_shared_counter.so using class loader ns clns-4 (caller=/data/app/~~X4XjcZAH5ISkN8Cob1Mv_Q==/com.shaadow.onecalculator-8S8vZl71MgyezRdoZIK-cQ==/base.apk!classes17.dex): ok
2025-09-09 19:34:04.398  6463-6463  FirebaseSessions        com.shaadow.onecalculator            D  Initializing Firebase Sessions 3.0.1.
2025-09-09 19:34:04.399  6463-6463  FirebaseInitProvider    com.shaadow.onecalculator            I  FirebaseApp initialization successful
2025-09-09 19:34:04.452  6463-6497  FirebaseSessions        com.shaadow.onecalculator            D  Notified CRASHLYTICS of new session ec22c56c98e3433789d53e8984d5e312
2025-09-09 19:34:04.475  6463-6518  libMEOW                 com.shaadow.onecalculator            D  meow new tls: 0xb40000705c712d00
2025-09-09 19:34:04.476  6463-6518  libMEOW                 com.shaadow.onecalculator            D  meow reload base cfg path: na
2025-09-09 19:34:04.476  6463-6518  libMEOW                 com.shaadow.onecalculator            D  meow reload overlay cfg path: na
2025-09-09 19:34:04.476  6463-6518  QT                      com.shaadow.onecalculator            W  qt_process_init() called
2025-09-09 19:34:04.476  6463-6518  QT                      com.shaadow.onecalculator            E  [QT]file does not exist
2025-09-09 19:34:04.476  6463-6518  QT                      com.shaadow.onecalculator            W  Support!!
2025-09-09 19:34:04.479  6463-6518  QT                      com.shaadow.onecalculator            E  [QT]file does not exist
2025-09-09 19:34:04.479  6463-6518  libMEOW                 com.shaadow.onecalculator            D  applied 1 plugins for [com.shaadow.onecalculator]:
2025-09-09 19:34:04.479  6463-6518  libMEOW                 com.shaadow.onecalculator            D    plugin 1: [libMEOW_gift.so]: 0xb40000705c5c0180
2025-09-09 19:34:04.480  6463-6518  libMEOW                 com.shaadow.onecalculator            D  rebuild call chain: 0xb40000705c729d40
2025-09-09 19:34:04.481  6463-6518  libMEOW                 com.shaadow.onecalculator            D  meow delete tls: 0xb40000705c712d00
2025-09-09 19:34:04.503  6463-6463  AppCompatDelegate       com.shaadow.onecalculator            D  Checking for metadata for AppLocalesMetadataHolderService : Service not found
2025-09-09 19:34:04.556  6463-6463  w.onecalculator         com.shaadow.onecalculator            I  hiddenapi: Accessing hidden method Landroid/view/ViewGroup;->makeOptionalFitsSystemWindows()V (runtime_flags=0, domain=platform, api=unsupported) from Landroidx/appcompat/widget/ViewUtils; (domain=app) using reflection: allowed
2025-09-09 19:34:04.569  6463-6463  Compatibil...geReporter com.shaadow.onecalculator            D  Compat change id reported: 210923482; UID 10660; state: ENABLED
2025-09-09 19:34:04.802  6463-6484  FA                      com.shaadow.onecalculator            W  Cannot log screen view event when the app is in the background.
2025-09-09 19:34:04.811  6463-6463  FirebaseSessions        com.shaadow.onecalculator            D  App foregrounded on com.shaadow.onecalculator
2025-09-09 19:34:04.811  6463-6463  FirebaseSessions        com.shaadow.onecalculator            D  Process com.shaadow.onecalculator is stale
2025-09-09 19:34:04.814  6463-6501  FA                      com.shaadow.onecalculator            I  Tag Manager is not found and thus will not be used
2025-09-09 19:34:04.817  6463-6463  Compatibil...geReporter com.shaadow.onecalculator            D  Compat change id reported: 237531167; UID 10660; state: DISABLED
2025-09-09 19:34:04.828  6463-6496  FirebaseSessions        com.shaadow.onecalculator            D  Cold app start detected
2025-09-09 19:34:04.828  6463-6496  FirebaseSessions        com.shaadow.onecalculator            D  Process com.shaadow.onecalculator is stale
2025-09-09 19:34:04.838  6463-6463  ViewRootImpl            com.shaadow.onecalculator            D  update {(0,0)(fillxfill) sim={forwardNavigation} ty=BASE_APPLICATION wanim=0x10302fe
                                                                                                      fl=LAYOUT_IN_SCREEN LAYOUT_INSET_DECOR SPLIT_TOUCH HARDWARE_ACCELERATED DRAWS_SYSTEM_BAR_BACKGROUNDS
                                                                                                      pfl=NO_MOVE_ANIMATION FORCE_DRAW_STATUS_BAR_BACKGROUND FIT_INSETS_CONTROLLED
                                                                                                      bhv=DEFAULT
                                                                                                      fitSides=} by setView
2025-09-09 19:34:04.848  6463-6497  FirebaseSessions        com.shaadow.onecalculator            D  Notified CRASHLYTICS of new session 3ca8c62ed84c438595c801f9e1e42863
2025-09-09 19:34:04.849  6463-6503  FirebaseSessions        com.shaadow.onecalculator            D  Session Event Type: SESSION_START
2025-09-09 19:34:04.849  6463-6503  FirebaseSessions        com.shaadow.onecalculator            D  Successfully logged Session Start event.
2025-09-09 19:34:04.850  1453-1541  BufferQueueDebug        surfaceflinger                       E  [a357f8c com.shaadow.onecalculator/com.shaadow.onecalculator.BasicActivity#346445](this:0xb40000772d3fdf18,id:-1,api:0,p:-1,c:-1) id info cannot be read from 'a357f8c com.shaadow.onecalculator/com.shaadow.onecalculator.BasicActivity#346445'
2025-09-09 19:34:04.949  1453-1541  BufferQueueDebug        surfaceflinger                       E  [com.shaadow.onecalculator/com.shaadow.onecalculator.BasicActivity#346446](this:0xb40000772d480718,id:-1,api:0,p:-1,c:-1) id info cannot be read from 'com.shaadow.onecalculator/com.shaadow.onecalculator.BasicActivity#346446'
2025-09-09 19:34:04.961  6463-6463  BufferQueueConsumer     com.shaadow.onecalculator            D  [](id:193f00000000,api:0,p:-1,c:6463) connect: controlledByApp=false
2025-09-09 19:34:04.964  6463-6463  FBI                     com.shaadow.onecalculator            E  Can't load library: dlopen failed: library "libmagtsync.so" not found
2025-09-09 19:34:04.965  6463-6516  libMEOW                 com.shaadow.onecalculator            D  meow new tls: 0xb40000706cf2c5c0
2025-09-09 19:34:04.965  6463-6516  libMEOW                 com.shaadow.onecalculator            D  applied 1 plugins for [com.shaadow.onecalculator]:
2025-09-09 19:34:04.966  6463-6516  libMEOW                 com.shaadow.onecalculator            D    plugin 1: [libMEOW_gift.so]: 0xb40000705c5c0180
2025-09-09 19:34:04.966  6463-6516  libMEOW                 com.shaadow.onecalculator            D  rebuild call chain: 0xb40000706cf3b540
2025-09-09 19:34:04.995  6463-6516  OpenGLRenderer          com.shaadow.onecalculator            I  setGrContext nullptr-->validptr
2025-09-09 19:34:04.997  6463-6516  OpenGLRenderer          com.shaadow.onecalculator            E  Unable to match the desired swap behavior.
2025-09-09 19:34:05.129  6463-6516  BLASTBufferQueue        com.shaadow.onecalculator            D  [VRI[BasicActivity]#0](f:0,a:1) acquireNextBufferLocked size=1080x2400 mFrameNumber=1 applyTransaction=true mTimestamp=1178844000441648(auto) mPendingTransactions.size=0 graphicBufferId=27758373634053 transform=0
2025-09-09 19:34:05.133  1453-1993  BufferQueueDebug        surfaceflinger                       E  [Surface(name=a357f8c com.shaadow.onecalculator/com.shaadow.onecalculator.BasicActivity)/@0x7f03bcb - animation-leash of starting_reveal#346449](this:0xb40000772d48c718,id:-1,api:0,p:-1,c:-1) id info cannot be read from 'Surface(name=a357f8c com.shaadow.onecalculator/com.shaadow.onecalculator.BasicActivity)/@0x7f03bcb - animation-leash of starting_reveal#346449'
2025-09-09 19:34:05.525  1453-1540  BufferQueueDebug        surfaceflinger                       E  [Surface(name=60b82a Splash Screen com.shaadow.onecalculator)/@0xac41933 - animation-leash of window_animation#346451](this:0xb40000772d45f718,id:-1,api:0,p:-1,c:-1) id info cannot be read from 'Surface(name=60b82a Splash Screen com.shaadow.onecalculator)/@0xac41933 - animation-leash of window_animation#346451'
2025-09-09 19:34:05.621  6463-6468  w.onecalculator         com.shaadow.onecalculator            I  Compiler allocated 4507KB to compile void android.view.ViewRootImpl.performTraversals()
2025-09-09 19:34:06.802  1453-1998  BufferQueueDebug        surfaceflinger                       E  [ActivityRecord{3a0ada1 u0 com.shaadow.onecalculator/.HomeActivity#346452](this:0xb40000772d45f718,id:-1,api:0,p:-1,c:-1) id info cannot be read from 'ActivityRecord{3a0ada1 u0 com.shaadow.onecalculator/.HomeActivity#346452'
2025-09-09 19:34:06.812  6463-6463  FirebaseSessions        com.shaadow.onecalculator            D  App backgrounded on com.shaadow.onecalculator
2025-09-09 19:34:06.829  6463-6540  libMEOW                 com.shaadow.onecalculator            D  meow new tls: 0xb40000700e20c180
2025-09-09 19:34:06.829  6463-6540  libMEOW                 com.shaadow.onecalculator            D  applied 1 plugins for [com.shaadow.onecalculator]:
2025-09-09 19:34:06.829  6463-6540  libMEOW                 com.shaadow.onecalculator            D    plugin 1: [libMEOW_gift.so]: 0xb40000705c5c0180
2025-09-09 19:34:06.829  6463-6540  libMEOW                 com.shaadow.onecalculator            D  rebuild call chain: 0xb40000700e21b080
2025-09-09 19:34:06.829  6463-6540  libMEOW                 com.shaadow.onecalculator            D  meow delete tls: 0xb40000700e20c180
2025-09-09 19:34:06.887  6463-6463  FirebaseSessions        com.shaadow.onecalculator            D  App foregrounded on com.shaadow.onecalculator
2025-09-09 19:34:06.890  6463-6463  ViewRootImpl            com.shaadow.onecalculator            D  update {(0,0)(fillxfill) sim={forwardNavigation} ty=BASE_APPLICATION wanim=0x10302fe
                                                                                                      fl=LAYOUT_IN_SCREEN LAYOUT_INSET_DECOR SPLIT_TOUCH HARDWARE_ACCELERATED DRAWS_SYSTEM_BAR_BACKGROUNDS
                                                                                                      pfl=NO_MOVE_ANIMATION FORCE_DRAW_STATUS_BAR_BACKGROUND FIT_INSETS_CONTROLLED
                                                                                                      bhv=DEFAULT
                                                                                                      fitSides=} by setView
2025-09-09 19:34:06.893  1453-1998  BufferQueueDebug        surfaceflinger                       E  [90a3e52 com.shaadow.onecalculator/com.shaadow.onecalculator.HomeActivity#346453](this:0xb40000772d482f18,id:-1,api:0,p:-1,c:-1) id info cannot be read from '90a3e52 com.shaadow.onecalculator/com.shaadow.onecalculator.HomeActivity#346453'
2025-09-09 19:34:06.905  1453-1998  BufferQueueDebug        surfaceflinger                       E  [com.shaadow.onecalculator/com.shaadow.onecalculator.HomeActivity#346454](this:0xb40000772d4d2718,id:-1,api:0,p:-1,c:-1) id info cannot be read from 'com.shaadow.onecalculator/com.shaadow.onecalculator.HomeActivity#346454'
2025-09-09 19:34:06.915  6463-6463  BufferQueueConsumer     com.shaadow.onecalculator            D  [](id:193f00000001,api:0,p:-1,c:6463) connect: controlledByApp=false
2025-09-09 19:34:06.917  6463-6516  OpenGLRenderer          com.shaadow.onecalculator            E  Unable to match the desired swap behavior.
2025-09-09 19:34:06.936  6463-6463  Compatibil...geReporter com.shaadow.onecalculator            D  Compat change id reported: 171228096; UID 10660; state: ENABLED
2025-09-09 19:34:06.999  6463-6463  ImeTracker              com.shaadow.onecalculator            I  com.shaadow.onecalculator:cf45e71d: onRequestHide at ORIGIN_CLIENT_HIDE_SOFT_INPUT reason HIDE_SOFT_INPUT
2025-09-09 19:34:06.999  6463-6463  ImeTracker              com.shaadow.onecalculator            I  com.shaadow.onecalculator:cf45e71d: onFailed at PHASE_CLIENT_VIEW_SERVED
2025-09-09 19:34:07.408  6463-6516  BLASTBufferQueue        com.shaadow.onecalculator            D  [VRI[HomeActivity]#1](f:0,a:1) acquireNextBufferLocked size=1080x2400 mFrameNumber=1 applyTransaction=true mTimestamp=1178846278612725(auto) mPendingTransactions.size=0 graphicBufferId=27758373634063 transform=0
2025-09-09 19:34:07.412  1453-1997  BufferQueueDebug        surfaceflinger                       E  [Transition Root: ActivityRecord{3a0ada1 u0 com.shaadow.onecalculator/.HomeActivity t581}#346457](this:0xb40000772d8e0718,id:-1,api:0,p:-1,c:-1) id info cannot be read from 'Transition Root: ActivityRecord{3a0ada1 u0 com.shaadow.onecalculator/.HomeActivity t581}#346457'
2025-09-09 19:34:07.418  1453-1540  BufferQueueDebug        surfaceflinger                       E  [bd72bc6 ActivityRecordInputSink com.shaadow.onecalculator/.HomeActivity#346458](this:0xb40000772d4bb718,id:-1,api:0,p:-1,c:-1) id info cannot be read from 'bd72bc6 ActivityRecordInputSink com.shaadow.onecalculator/.HomeActivity#346458'
2025-09-09 19:34:07.445  6463-6463  HomeFragment            com.shaadow.onecalculator            D  Real-time preference update - hidden gallery visible: true
2025-09-09 19:34:07.445  6463-6463  HomeFragment            com.shaadow.onecalculator            D  Updating hidden gallery button visibility: true
2025-09-09 19:34:07.977  6463-6516  Surface                 com.shaadow.onecalculator            D  Surface::disconnect
2025-09-09 19:34:07.982  6463-6463  BLASTBufferQueue        com.shaadow.onecalculator            D  [VRI[BasicActivity]#0](f:0,a:2) destructor()
2025-09-09 19:34:07.982  6463-6463  BufferQueueConsumer     com.shaadow.onecalculator            D  [VRI[BasicActivity]#0(BLAST Consumer)0](id:193f00000000,api:0,p:-1,c:6463) disconnect
2025-09-09 19:34:08.875  6463-6463  HomeFragment            com.shaadow.onecalculator            D  Checking storage permissions for hidden gallery
2025-09-09 19:34:08.880  6463-6463  HomeFragment            com.shaadow.onecalculator            D  All permissions already granted
2025-09-09 19:34:08.880  6463-6463  HomeFragment            com.shaadow.onecalculator            D  Starting fingerprint authentication for hidden gallery
2025-09-09 19:34:08.884  6463-6463  HomeFragment            com.shaadow.onecalculator            D  Biometric authentication is available
2025-09-09 19:34:08.899  6463-6463  WindowOnBackDispatcher  com.shaadow.onecalculator            W  OnBackInvokedCallback is not enabled for the application.
                                                                                                    Set 'android:enableOnBackInvokedCallback="true"' in the application manifest.
2025-09-09 19:34:10.035  6463-6559  ProfileInstaller        com.shaadow.onecalculator            D  Installing profile for com.shaadow.onecalculator
2025-09-09 19:34:10.592  6463-6463  WindowOnBackDispatcher  com.shaadow.onecalculator            W  OnBackInvokedCallback is not enabled for the application.
                                                                                                    Set 'android:enableOnBackInvokedCallback="true"' in the application manifest.
2025-09-09 19:34:10.593  6463-6463  HomeFragment            com.shaadow.onecalculator            D  Biometric authentication succeeded
2025-09-09 19:34:10.625  1453-1540  BufferQueueDebug        surfaceflinger                       E  [ActivityRecord{5e4e6d1 u0 com.shaadow.onecalculator/.MediaGalleryActivity#346481](this:0xb40000772d4f0f18,id:-1,api:0,p:-1,c:-1) id info cannot be read from 'ActivityRecord{5e4e6d1 u0 com.shaadow.onecalculator/.MediaGalleryActivity#346481'
2025-09-09 19:34:10.636  6463-6463  FirebaseSessions        com.shaadow.onecalculator            D  App backgrounded on com.shaadow.onecalculator
2025-09-09 19:34:10.653  6463-6561  libMEOW                 com.shaadow.onecalculator            D  meow new tls: 0xb400006f62751ac0
2025-09-09 19:34:10.653  6463-6561  libMEOW                 com.shaadow.onecalculator            D  applied 1 plugins for [com.shaadow.onecalculator]:
2025-09-09 19:34:10.653  6463-6561  libMEOW                 com.shaadow.onecalculator            D    plugin 1: [libMEOW_gift.so]: 0xb40000705c5c0180
2025-09-09 19:34:10.654  6463-6561  libMEOW                 com.shaadow.onecalculator            D  rebuild call chain: 0xb400006f62768580
2025-09-09 19:34:10.654  6463-6561  libMEOW                 com.shaadow.onecalculator            D  meow delete tls: 0xb400006f62751ac0
2025-09-09 19:34:10.713  6463-6463  MediaGalleryActivity    com.shaadow.onecalculator            D  Initializing external storage...
2025-09-09 19:34:10.714  6463-6510  ExternalStorageManager  com.shaadow.onecalculator            D  Ensuring hidden directory exists...
2025-09-09 19:34:10.714  6463-6510  ExternalStorageManager  com.shaadow.onecalculator            D  Getting hidden calculator directory...
2025-09-09 19:34:10.714  6463-6510  ExternalStorageManager  com.shaadow.onecalculator            D  Android version: 34
2025-09-09 19:34:10.715  6463-6510  ExternalStorageManager  com.shaadow.onecalculator            D  MANAGE_EXTERNAL_STORAGE permission granted
2025-09-09 19:34:10.716  6463-6510  ExternalStorageManager  com.shaadow.onecalculator            D  Attempting to create hidden dir: /storage/emulated/0/.1Calculator
2025-09-09 19:34:10.717  6463-6463  MediaGalleryActivity    com.shaadow.onecalculator            D  Session authentication state saved: true
2025-09-09 19:34:10.717  6463-6463  ExternalStorageManager  com.shaadow.onecalculator            D  Ensuring hidden directory exists...
2025-09-09 19:34:10.717  6463-6463  ExternalStorageManager  com.shaadow.onecalculator            D  Getting hidden calculator directory...
2025-09-09 19:34:10.717  6463-6463  ExternalStorageManager  com.shaadow.onecalculator            D  Android version: 34
2025-09-09 19:34:10.717  6463-6510  ExternalStorageManager  com.shaadow.onecalculator            D  Hidden directory is ready and writable
2025-09-09 19:34:10.717  6463-6510  ExternalStorageManager  com.shaadow.onecalculator            D  Getting hidden calculator directory...
2025-09-09 19:34:10.717  6463-6510  ExternalStorageManager  com.shaadow.onecalculator            D  Android version: 34
2025-09-09 19:34:10.718  6463-6510  ExternalStorageManager  com.shaadow.onecalculator            D  MANAGE_EXTERNAL_STORAGE permission granted
2025-09-09 19:34:10.718  6463-6463  ExternalStorageManager  com.shaadow.onecalculator            D  MANAGE_EXTERNAL_STORAGE permission granted
2025-09-09 19:34:10.718  6463-6510  ExternalStorageManager  com.shaadow.onecalculator            D  Attempting to create hidden dir: /storage/emulated/0/.1Calculator
2025-09-09 19:34:10.718  6463-6463  ExternalStorageManager  com.shaadow.onecalculator            D  Attempting to create hidden dir: /storage/emulated/0/.1Calculator
2025-09-09 19:34:10.719  6463-6510  ExternalStorageManager  com.shaadow.onecalculator            D  Hidden directory is ready and writable
2025-09-09 19:34:10.719  6463-6510  ExternalStorageManager  com.shaadow.onecalculator            D  Checking directory readiness:
2025-09-09 19:34:10.719  6463-6463  ExternalStorageManager  com.shaadow.onecalculator            D  Hidden directory is ready and writable
2025-09-09 19:34:10.719  6463-6463  ExternalStorageManager  com.shaadow.onecalculator            D  Getting hidden calculator directory...
2025-09-09 19:34:10.719  6463-6463  ExternalStorageManager  com.shaadow.onecalculator            D  Android version: 34
2025-09-09 19:34:10.719  6463-6510  ExternalStorageManager  com.shaadow.onecalculator            D    Hidden dir exists: true
2025-09-09 19:34:10.719  6463-6510  ExternalStorageManager  com.shaadow.onecalculator            D    Hidden dir readable: true
2025-09-09 19:34:10.719  6463-6510  ExternalStorageManager  com.shaadow.onecalculator            D    Hidden dir writable: true
2025-09-09 19:34:10.720  6463-6463  ExternalStorageManager  com.shaadow.onecalculator            D  MANAGE_EXTERNAL_STORAGE permission granted
2025-09-09 19:34:10.720  6463-6510  ExternalStorageManager  com.shaadow.onecalculator            D    Encrypted dir exists: true
2025-09-09 19:34:10.720  6463-6510  ExternalStorageManager  com.shaadow.onecalculator            D    Encrypted dir readable: true
2025-09-09 19:34:10.721  6463-6463  ExternalStorageManager  com.shaadow.onecalculator            D  Attempting to create hidden dir: /storage/emulated/0/.1Calculator
2025-09-09 19:34:10.721  6463-6510  ExternalStorageManager  com.shaadow.onecalculator            D    Encrypted dir writable: true
2025-09-09 19:34:10.721  6463-6463  ExternalStorageManager  com.shaadow.onecalculator            D  Hidden directory is ready and writable
2025-09-09 19:34:10.721  6463-6463  ExternalStorageManager  com.shaadow.onecalculator            D  Checking directory readiness:
2025-09-09 19:34:10.721  6463-6463  ExternalStorageManager  com.shaadow.onecalculator            D    Hidden dir exists: true
2025-09-09 19:34:10.722  6463-6463  ExternalStorageManager  com.shaadow.onecalculator            D    Hidden dir readable: true
2025-09-09 19:34:10.722  6463-6463  ExternalStorageManager  com.shaadow.onecalculator            D    Hidden dir writable: true
2025-09-09 19:34:10.722  6463-6463  ExternalStorageManager  com.shaadow.onecalculator            D    Encrypted dir exists: true
2025-09-09 19:34:10.722  6463-6510  ExternalStorageManager  com.shaadow.onecalculator            D  Directory ready: true
2025-09-09 19:34:10.722  6463-6510  ExternalStorageManager  com.shaadow.onecalculator            D  Hidden directory is already ready
2025-09-09 19:34:10.722  6463-6463  ExternalStorageManager  com.shaadow.onecalculator            D    Encrypted dir readable: true
2025-09-09 19:34:10.723  6463-6463  ExternalStorageManager  com.shaadow.onecalculator            D    Encrypted dir writable: true
2025-09-09 19:34:10.724  6463-6463  ExternalStorageManager  com.shaadow.onecalculator            D  Directory ready: true
2025-09-09 19:34:10.724  6463-6463  ExternalStorageManager  com.shaadow.onecalculator            D  Hidden directory is already ready
2025-09-09 19:34:10.729  6463-6463  MediaGalleryActivity    com.shaadow.onecalculator            D  Starting post-authentication file validation...
2025-09-09 19:34:10.732  6463-6463  FirebaseSessions        com.shaadow.onecalculator            D  App foregrounded on com.shaadow.onecalculator
2025-09-09 19:34:10.732  6463-6463  MediaGalleryActivity    com.shaadow.onecalculator            D  onResume called - isFromBackground: false, sessionAuthenticated: true
2025-09-09 19:34:10.735  6463-6463  ViewRootImpl            com.shaadow.onecalculator            D  update {(0,0)(fillxfill) sim={forwardNavigation} ty=BASE_APPLICATION wanim=0x10302fe
                                                                                                      fl=LAYOUT_IN_SCREEN SECURE LAYOUT_INSET_DECOR SPLIT_TOUCH HARDWARE_ACCELERATED DRAWS_SYSTEM_BAR_BACKGROUNDS
                                                                                                      pfl=NO_MOVE_ANIMATION FORCE_DRAW_STATUS_BAR_BACKGROUND FIT_INSETS_CONTROLLED
                                                                                                      bhv=DEFAULT
                                                                                                      fitSides=} by setView
2025-09-09 19:34:10.738  1453-1540  BufferQueueDebug        surfaceflinger                       E  [c9aa50e com.shaadow.onecalculator/com.shaadow.onecalculator.MediaGalleryActivity#346482](this:0xb40000772d480718,id:-1,api:0,p:-1,c:-1) id info cannot be read from 'c9aa50e com.shaadow.onecalculator/com.shaadow.onecalculator.MediaGalleryActivity#346482'
2025-09-09 19:34:10.746  6463-6463  MediaGalleryActivity    com.shaadow.onecalculator            D  External storage initialized successfully
2025-09-09 19:34:10.746  6463-6463  ExternalStorageManager  com.shaadow.onecalculator            D  Getting hidden calculator directory...
2025-09-09 19:34:10.746  6463-6463  ExternalStorageManager  com.shaadow.onecalculator            D  Android version: 34
2025-09-09 19:34:10.748  6463-6463  ExternalStorageManager  com.shaadow.onecalculator            D  MANAGE_EXTERNAL_STORAGE permission granted
2025-09-09 19:34:10.749  6463-6463  ExternalStorageManager  com.shaadow.onecalculator            D  Attempting to create hidden dir: /storage/emulated/0/.1Calculator
2025-09-09 19:34:10.750  6463-6463  ExternalStorageManager  com.shaadow.onecalculator            D  Hidden directory is ready and writable
2025-09-09 19:34:10.750  6463-6463  MediaGalleryActivity    com.shaadow.onecalculator            D  Hidden folder location: /storage/emulated/0/.1Calculator
2025-09-09 19:34:10.761  1453-1540  BufferQueueDebug        surfaceflinger                       E  [com.shaadow.onecalculator/com.shaadow.onecalculator.MediaGalleryActivity#346483](this:0xb40000772d48ef18,id:-1,api:0,p:-1,c:-1) id info cannot be read from 'com.shaadow.onecalculator/com.shaadow.onecalculator.MediaGalleryActivity#346483'
2025-09-09 19:34:10.770  6463-6463  BufferQueueConsumer     com.shaadow.onecalculator            D  [](id:193f00000002,api:0,p:-1,c:6463) connect: controlledByApp=false
2025-09-09 19:34:10.771  6463-6516  OpenGLRenderer          com.shaadow.onecalculator            E  Unable to match the desired swap behavior.
2025-09-09 19:34:10.801  6463-6516  BLASTBufferQueue        com.shaadow.onecalculator            D  [VRI[MediaGalleryActivity]#2](f:0,a:1) acquireNextBufferLocked size=1080x2400 mFrameNumber=1 applyTransaction=true mTimestamp=1178849672608726(auto) mPendingTransactions.size=0 graphicBufferId=27758373634073 transform=0
2025-09-09 19:34:10.805  1453-1540  BufferQueueDebug        surfaceflinger                       E  [Transition Root: ActivityRecord{5e4e6d1 u0 com.shaadow.onecalculator/.MediaGalleryActivity t581}#346486](this:0xb40000772d4bdf18,id:-1,api:0,p:-1,c:-1) id info cannot be read from 'Transition Root: ActivityRecord{5e4e6d1 u0 com.shaadow.onecalculator/.MediaGalleryActivity t581}#346486'
2025-09-09 19:34:10.813  1453-1540  BufferQueueDebug        surfaceflinger                       E  [7702536 ActivityRecordInputSink com.shaadow.onecalculator/.MediaGalleryActivity#346487](this:0xb40000772d4f5f18,id:-1,api:0,p:-1,c:-1) id info cannot be read from '7702536 ActivityRecordInputSink com.shaadow.onecalculator/.MediaGalleryActivity#346487'
2025-09-09 19:34:10.817  6463-6510  MediaGalleryActivity    com.shaadow.onecalculator            D  Folder Photos has 0 files
2025-09-09 19:34:10.818  6463-6510  MediaGalleryActivity    com.shaadow.onecalculator            D  Folder Videos has 0 files
2025-09-09 19:34:10.819  6463-6510  MediaGalleryActivity    com.shaadow.onecalculator            D  Folder Audios has 0 files
2025-09-09 19:34:10.820  6463-6510  MediaGalleryActivity    com.shaadow.onecalculator            D  Folder Others has 0 files
2025-09-09 19:34:10.821  6463-6463  MediaGalleryActivity    com.shaadow.onecalculator            D  Submitting 4 folders to adapter
2025-09-09 19:34:10.821  6463-6463  MediaGalleryActivity    com.shaadow.onecalculator            D  Folder list setup completed
2025-09-09 19:34:10.826  6463-6463  MediaGalleryActivity    com.shaadow.onecalculator            D  File validation complete: 0 scanned, no cleanup needed
2025-09-09 19:34:10.837  6463-6463  MaterialCardView        com.shaadow.onecalculator            I  Setting a custom background is not supported.
2025-09-09 19:34:10.843  6463-6463  MaterialCardView        com.shaadow.onecalculator            I  Setting a custom background is not supported.
2025-09-09 19:34:10.851  6463-6463  MaterialCardView        com.shaadow.onecalculator            I  Setting a custom background is not supported.
2025-09-09 19:34:10.856  6463-6463  MaterialCardView        com.shaadow.onecalculator            I  Setting a custom background is not supported.
2025-09-09 19:34:11.363  6463-6516  Surface                 com.shaadow.onecalculator            D  Surface::disconnect
2025-09-09 19:34:11.368  6463-6463  BLASTBufferQueue        com.shaadow.onecalculator            D  [VRI[HomeActivity]#1](f:0,a:2) destructor()
2025-09-09 19:34:11.368  6463-6463  BufferQueueConsumer     com.shaadow.onecalculator            D  [VRI[HomeActivity]#1(BLAST Consumer)1](id:193f00000001,api:0,p:-1,c:6463) disconnect
2025-09-09 19:34:11.930  6463-6463  ResourcesCompat         com.shaadow.onecalculator            W  Failed to inflate ColorStateList, leaving it to the framework (Ask Gemini)
                                                                                                    java.lang.UnsupportedOperationException: Failed to resolve attribute at index 0: TypedValue{t=0x2/d=0x7f040117 a=-1}, theme={InheritanceMap=[id=0x7f1402c0com.shaadow.onecalculator:style/ThemeOverlay.Material3.Button.TextButton], Themes=[com.shaadow.onecalculator:style/ThemeOverlay.Material3.Button.TextButton, forced, com.shaadow.onecalculator:style/Theme.OneCalculator, forced, com.shaadow.onecalculator:style/Theme.AppCompat.Empty, forced, android:style/Theme.DeviceDefault.Light.DarkActionBar, forced]}
                                                                                                    	at android.content.res.TypedArray.getColor(TypedArray.java:529)
                                                                                                    	at androidx.core.content.res.ColorStateListInflaterCompat.inflate(ColorStateListInflaterCompat.java:157)
                                                                                                    	at androidx.core.content.res.ColorStateListInflaterCompat.createFromXmlInner(ColorStateListInflaterCompat.java:122)
                                                                                                    	at androidx.core.content.res.ColorStateListInflaterCompat.createFromXml(ColorStateListInflaterCompat.java:102)
                                                                                                    	at androidx.core.content.res.ResourcesCompat.inflateColorStateList(ResourcesCompat.java:259)
                                                                                                    	at androidx.core.content.res.ResourcesCompat.getColorStateList(ResourcesCompat.java:234)
                                                                                                    	at androidx.core.content.ContextCompat.getColorStateList(ContextCompat.java:516)
                                                                                                    	at androidx.appcompat.content.res.AppCompatResources.getColorStateList(AppCompatResources.java:46)
                                                                                                    	at androidx.appcompat.widget.TintTypedArray.getColorStateList(TintTypedArray.java:178)
                                                                                                    	at androidx.appcompat.widget.AppCompatBackgroundHelper.loadFromAttributes(AppCompatBackgroundHelper.java:66)
                                                                                                    	at androidx.appcompat.widget.AppCompatButton.<init>(AppCompatButton.java:86)
                                                                                                    	at com.google.android.material.button.MaterialButton.<init>(MaterialButton.java:234)
                                                                                                    	at com.google.android.material.button.MaterialButton.<init>(MaterialButton.java:230)
                                                                                                    	at java.lang.reflect.Constructor.newInstance0(Native Method)
                                                                                                    	at java.lang.reflect.Constructor.newInstance(Constructor.java:343)
                                                                                                    	at android.view.LayoutInflater.createView(LayoutInflater.java:866)
                                                                                                    	at android.view.LayoutInflater.createViewFromTag(LayoutInflater.java:1018)
                                                                                                    	at android.view.LayoutInflater.createViewFromTag(LayoutInflater.java:973)
                                                                                                    	at android.view.LayoutInflater.rInflate(LayoutInflater.java:1135)
                                                                                                    	at android.view.LayoutInflater.rInflateChildren(LayoutInflater.java:1096)
                                                                                                    	at android.view.LayoutInflater.rInflate(LayoutInflater.java:1138)
                                                                                                    	at android.view.LayoutInflater.rInflateChildren(LayoutInflater.java:1096)
                                                                                                    	at android.view.LayoutInflater.rInflate(LayoutInflater.java:1138)
                                                                                                    	at android.view.LayoutInflater.rInflateChildren(LayoutInflater.java:1096)
                                                                                                    	at android.view.LayoutInflater.inflate(LayoutInflater.java:694)
                                                                                                    	at android.view.LayoutInflater.inflate(LayoutInflater.java:538)
                                                                                                    	at android.view.LayoutInflater.inflate(LayoutInflater.java:485)
                                                                                                    	at com.shaadow.onecalculator.MediaGalleryActivity.showFolderPinDialog(MediaGalleryActivity.kt:2173)
                                                                                                    	at com.shaadow.onecalculator.MediaGalleryActivity.showFolderPinDialog$default(MediaGalleryActivity.kt:2170)
                                                                                                    	at com.shaadow.onecalculator.MediaGalleryActivity.setupFolderList$lambda$11(MediaGalleryActivity.kt:372)
                                                                                                    	at com.shaadow.onecalculator.MediaGalleryActivity.$r8$lambda$68d4tbk9Q4DM1ofi3pNl9P9jt-w(Unknown Source:0)
                                                                                                    	at com.shaadow.onecalculator.MediaGalleryActivity$$ExternalSyntheticLambda22.invoke(D8$$SyntheticClass:0)
                                                                                                    	at com.shaadow.onecalculator.EncryptedFolderAdapter$FolderViewHolder.bind$lambda$0(EncryptedFolderAdapter.kt:152)
                                                                                                    	at com.shaadow.onecalculator.EncryptedFolderAdapter$FolderViewHolder.$r8$lambda$Os_PTGPtEkYqmPHsM29sQ-SkKZ0(Unknown Source:0)
                                                                                                    	at com.shaadow.onecalculator.EncryptedFolderAdapter$FolderViewHolder$$ExternalSyntheticLambda0.onClick(D8$$SyntheticClass:0)
                                                                                                    	at android.view.View.performClick(View.java:7684)
                                                                                                    	at android.view.View.performClickInternal(View.java:7661)
                                                                                                    	at android.view.View.-$$Nest$mperformClickInternal(Unknown Source:0)
                                                                                                    	at android.view.View$PerformClick.run(View.java:30344)
                                                                                                    	at android.os.Handler.handleCallback(Handler.java:1000)
                                                                                                    	at android.os.Handler.dispatchMessage(Handler.java:104)
2025-09-09 19:34:11.931  6463-6463  ResourcesCompat         com.shaadow.onecalculator            W  	at android.os.Looper.loopOnce(Looper.java:242) (Ask Gemini)
                                                                                                    	at android.os.Looper.loop(Looper.java:362)
                                                                                                    	at android.app.ActivityThread.main(ActivityThread.java:8393)
                                                                                                    	at java.lang.reflect.Method.invoke(Native Method)
                                                                                                    	at com.android.internal.os.RuntimeInit$MethodAndArgsCaller.run(RuntimeInit.java:552)
                                                                                                    	at com.android.internal.os.ZygoteInit.main(ZygoteInit.java:992)
2025-09-09 19:34:11.932  6463-6463  ResourcesCompat         com.shaadow.onecalculator            W  Failed to inflate ColorStateList, leaving it to the framework (Ask Gemini)
                                                                                                    java.lang.UnsupportedOperationException: Failed to resolve attribute at index 0: TypedValue{t=0x2/d=0x7f040101 a=-1}, theme={InheritanceMap=[id=0x7f1402c0com.shaadow.onecalculator:style/ThemeOverlay.Material3.Button.TextButton], Themes=[com.shaadow.onecalculator:style/ThemeOverlay.Material3.Button.TextButton, forced, com.shaadow.onecalculator:style/Theme.OneCalculator, forced, com.shaadow.onecalculator:style/Theme.AppCompat.Empty, forced, android:style/Theme.DeviceDefault.Light.DarkActionBar, forced]}
                                                                                                    	at android.content.res.TypedArray.getColor(TypedArray.java:529)
                                                                                                    	at androidx.core.content.res.ColorStateListInflaterCompat.inflate(ColorStateListInflaterCompat.java:157)
                                                                                                    	at androidx.core.content.res.ColorStateListInflaterCompat.createFromXmlInner(ColorStateListInflaterCompat.java:122)
                                                                                                    	at androidx.core.content.res.ColorStateListInflaterCompat.createFromXml(ColorStateListInflaterCompat.java:102)
                                                                                                    	at androidx.core.content.res.ResourcesCompat.inflateColorStateList(ResourcesCompat.java:259)
                                                                                                    	at androidx.core.content.res.ResourcesCompat.getColorStateList(ResourcesCompat.java:234)
                                                                                                    	at androidx.core.content.ContextCompat.getColorStateList(ContextCompat.java:516)
                                                                                                    	at androidx.appcompat.content.res.AppCompatResources.getColorStateList(AppCompatResources.java:46)
                                                                                                    	at com.google.android.material.resources.MaterialResources.getColorStateList(MaterialResources.java:65)
                                                                                                    	at com.google.android.material.button.MaterialButton.<init>(MaterialButton.java:248)
                                                                                                    	at com.google.android.material.button.MaterialButton.<init>(MaterialButton.java:230)
                                                                                                    	at java.lang.reflect.Constructor.newInstance0(Native Method)
                                                                                                    	at java.lang.reflect.Constructor.newInstance(Constructor.java:343)
                                                                                                    	at android.view.LayoutInflater.createView(LayoutInflater.java:866)
                                                                                                    	at android.view.LayoutInflater.createViewFromTag(LayoutInflater.java:1018)
                                                                                                    	at android.view.LayoutInflater.createViewFromTag(LayoutInflater.java:973)
